Script started on 2026-06-14 14:13:20+00:00 [COMMAND="bash /tmp/p11_body.sh" <not executed on terminal>]
# CONFIG_READ_ONLY_THP_FOR_FS is not set
src=/usr/src/linux-7.0.0
vm_fault_t finish_fault(struct vm_fault *vmf)
{
	struct vm_area_struct *vma = vmf->vma;
	struct page *page;
	struct folio *folio;
	vm_fault_t ret;
	bool is_cow = (vmf->flags & FAULT_FLAG_WRITE) &&
		      !(vma->vm_flags & VM_SHARED);
	int type, nr_pages;
	unsigned long addr;
	bool needs_fallback = false;

fallback:
	addr = vmf->address;

	/* Did we COW the page? */
	if (is_cow)
		page = vmf->cow_page;
	else
		page = vmf->page;

	folio = page_folio(page);
	/*
	 * check even for read faults because we might have lost our CoWed
	 * page
	 */
	if (!(vma->vm_flags & VM_SHARED)) {
		ret = check_stable_address_space(vma->vm_mm);
		if (ret)
			return ret;
	}

	if (!needs_fallback && vma->vm_file) {
		struct address_space *mapping = vma->vm_file->f_mapping;
		pgoff_t file_end;

		file_end = DIV_ROUND_UP(i_size_read(mapping->host), PAGE_SIZE);

		/*
		 * Do not allow to map with PTEs beyond i_size and with PMD
		 * across i_size to preserve SIGBUS semantics.
		 *
		 * Make an exception for shmem/tmpfs that for long time
		 * intentionally mapped with PMDs across i_size.
		 */
		needs_fallback = !shmem_mapping(mapping) &&
			file_end < folio_next_index(folio);
	}

	if (pmd_none(*vmf->pmd)) {
		if (!needs_fallback && folio_test_pmd_mappable(folio)) {
			ret = do_set_pmd(vmf, folio, page);
			if (ret != VM_FAULT_FALLBACK)
				return ret;
		}

		if (vmf->prealloc_pte)
			pmd_install(vma->vm_mm, vmf->pmd, &vmf->prealloc_pte);
		else if (unlikely(pte_alloc(vma->vm_mm, vmf->pmd)))
			return VM_FAULT_OOM;
	}

	nr_pages = folio_nr_pages(folio);

	/* Using per-page fault to maintain the uffd semantics */
	if (unlikely(userfaultfd_armed(vma)) || unlikely(needs_fallback)) {
		nr_pages = 1;
	} else if (nr_pages > 1) {
		pgoff_t idx = folio_page_idx(folio, page);
		/* The page offset of vmf->address within the VMA. */
		pgoff_t vma_off = vmf->pgoff - vmf->vma->vm_pgoff;
		/* The index of the entry in the pagetable for fault page. */
		pgoff_t pte_off = pte_index(vmf->address);

		/*
		 * Fallback to per-page fault in case the folio size in page
		 * cache beyond the VMA limits and PMD pagetable limits.
		 */
		if (unlikely(vma_off < idx ||
			    vma_off + (nr_pages - idx) > vma_pages(vma) ||
			    pte_off < idx ||
			    pte_off + (nr_pages - idx)  > PTRS_PER_PTE)) {
			nr_pages = 1;
		} else {
			/* Now we can set mappings for the whole large folio. */
			addr = vmf->address - idx * PAGE_SIZE;
			page = &folio->page;
		}
	}

	vmf->pte = pte_offset_map_lock(vma->vm_mm, vmf->pmd,
				       addr, &vmf->ptl);
	if (!vmf->pte)
		return VM_FAULT_NOPAGE;

	/* Re-check under ptl */
	if (nr_pages == 1 && unlikely(vmf_pte_changed(vmf))) {
		update_mmu_tlb(vma, addr, vmf->pte);
		ret = VM_FAULT_NOPAGE;
		goto unlock;
	} else if (nr_pages > 1 && !pte_range_none(vmf->pte, nr_pages)) {
		needs_fallback = true;
		pte_unmap_unlock(vmf->pte, vmf->ptl);
		goto fallback;
	}

	folio_ref_add(folio, nr_pages - 1);
	set_pte_range(vmf, folio, page, nr_pages, addr);
	type = is_cow ? MM_ANONPAGES : mm_counter_file(folio);
	add_mm_counter(vma->vm_mm, type, nr_pages);
	ret = 0;

unlock:
	pte_unmap_unlock(vmf->pte, vmf->ptl);
	return ret;
}
/usr/src/linux-7.0.0/mm/khugepaged.c:410:	if (IS_ENABLED(CONFIG_READ_ONLY_THP_FOR_FS) &&
/usr/src/linux-7.0.0/mm/khugepaged.c:1862:	VM_BUG_ON(!IS_ENABLED(CONFIG_READ_ONLY_THP_FOR_FS) && !is_shmem);
/usr/src/linux-7.0.0/mm/huge_memory.c:89:	if (!IS_ENABLED(CONFIG_READ_ONLY_THP_FOR_FS))
/usr/src/linux-7.0.0/mm/huge_memory.c:3727:		if (IS_ENABLED(CONFIG_READ_ONLY_THP_FOR_FS) &&
/usr/src/linux-7.0.0/mm/huge_memory.c:3742:			 * CONFIG_READ_ONLY_THP_FOR_FS is enabled. But in that
/usr/src/linux-7.0.0/mm/Kconfig:943:config READ_ONLY_THP_FOR_FS
== v2 do_set_pmd retvals ==
^@Attached 1 probe
~/v2: -c: line 1: unexpected EOF while looking for matching `''


== v1 do_set_pmd retvals ==
Attached 1 probe
~/v1: -c: line 1: unexpected EOF while looking for matching `''


/sys/kernel/mm/transparent_hugepage/enabled:[always] madvise never
/sys/kernel/mm/transparent_hugepage/defrag:always defer defer+madvise [madvise] never
/sys/kernel/mm/transparent_hugepage/hugepages-2048kB/enabled:always [inherit] madvise never
/sys/kernel/mm/transparent_hugepage/shmem_enabled:always within_size advise [never] deny force
== baseline ==
    reads/s:                      1927871.50
    reads/s:                      1958318.30
== v1 perf ==
sysbench 1.0.20 (using system LuaJIT 2.1.1761786044)

Running the test with following options:
Number of threads: 1
Initializing random number generator from current time


Extra file open flags: (none)
1 files, 64MiB each
64MiB total file size
Block size 4KiB
Number of IO requests: 0
Read/Write ratio for combined random IO test: 1.50
Periodic FSYNC enabled, calling fsync() each 100 requests.
Calling fsync() at the end of test, Enabled.
Using fast mmaped I/O mode
Doing random read test
Initializing worker threads...

Threads started!


File operations:
    reads/s:                      1870218.72
    writes/s:                     0.00
    fsyncs/s:                     0.00

Throughput:
    read, MiB/s:                  7305.54
    written, MiB/s:               0.00

General statistics:
    total time:                          5.0002s
    total number of events:              9354695

Latency (ms):
         min:                                    0.00
         avg:                                    0.00
         max:                                    0.18
         95th percentile:                        0.00
         sum:                                 3227.32

Threads fairness:
    events (avg/stddev):           9354695.0000/0.00
    execution time (avg/stddev):   3.2273/0.00


 Performance counter stats for 'sysbench fileio --file-num=1 --file-total-size=64M --file-test-mode=rndrd --file-io-mode=mmap --file-block-size=4K --time=5 run':

           8694078      dTLB-load-misses                                                      
         140195219      cache-misses                                                          
       13254613042      cycles                                                                
        7476534083      instructions                                                          

       5.010439989 seconds time elapsed

       4.998279000 seconds user
       0.008995000 seconds sys


== v2 perf ==
sysbench 1.0.20 (using system LuaJIT 2.1.1761786044)

Running the test with following options:
Number of threads: 1
Initializing random number generator from current time


Extra file open flags: (none)
1 files, 64MiB each
64MiB total file size
Block size 4KiB
Number of IO requests: 0
Read/Write ratio for combined random IO test: 1.50
Periodic FSYNC enabled, calling fsync() each 100 requests.
Calling fsync() at the end of test, Enabled.
Using fast mmaped I/O mode
Doing random read test
Initializing worker threads...

Threads started!


File operations:
    reads/s:                      1898952.85
    writes/s:                     0.00
    fsyncs/s:                     0.00

Throughput:
    read, MiB/s:                  7417.78
    written, MiB/s:               0.00

General statistics:
    total time:                          5.0002s
    total number of events:              9498412

Latency (ms):
         min:                                    0.00
         avg:                                    0.00
         max:                                    0.18
         95th percentile:                        0.00
         sum:                                 3204.40

Threads fairness:
    events (avg/stddev):           9498412.0000/0.00
    execution time (avg/stddev):   3.2044/0.00


 Performance counter stats for 'sysbench fileio --file-num=1 --file-total-size=64M --file-test-mode=rndrd --file-io-mode=mmap --file-block-size=4K --time=5 run':

           8804151      dTLB-load-misses                                                      
         129549378      cache-misses                                                          
       13248840221      cycles                                                                
        7581433464      instructions                                                          

       5.011037925 seconds time elapsed

       5.001129000 seconds user
       0.004000000 seconds sys


== v2 smaps ==
sysbench 1.0.20 (using system LuaJIT 2.1.1761786044)

Running the test with following options:
Number of threads: 1
Initializing random number generator from current time


Extra file open flags: (none)
1 files, 64MiB each
64MiB total file size
Block size 4KiB
Number of IO requests: 0
Read/Write ratio for combined random IO test: 1.50
Periodic FSYNC enabled, calling fsync() each 100 requests.
Calling fsync() at the end of test, Enabled.
Using fast mmaped I/O mode
Doing random read test
Initializing worker threads...

Threads started!

Rss:               74920 kB
AnonHugePages:         0 kB
FilePmdMapped:         0 kB

File operations:
    reads/s:                      1936432.08
    writes/s:                     0.00
    fsyncs/s:                     0.00

Throughput:
    read, MiB/s:                  7564.19
    written, MiB/s:               0.00

General statistics:
    total time:                          5.0001s
    total number of events:              9685620

Latency (ms):
         min:                                    0.00
         avg:                                    0.00
         max:                                    1.18
         95th percentile:                        0.00
         sum:                                 3220.31

Threads fairness:
    events (avg/stddev):           9685620.0000/0.00
    execution time (avg/stddev):   3.2203/0.00

== v1 smaps ==
sysbench 1.0.20 (using system LuaJIT 2.1.1761786044)

Running the test with following options:
Number of threads: 1
Initializing random number generator from current time


Extra file open flags: (none)
1 files, 64MiB each
64MiB total file size
Block size 4KiB
Number of IO requests: 0
Read/Write ratio for combined random IO test: 1.50
Periodic FSYNC enabled, calling fsync() each 100 requests.
Calling fsync() at the end of test, Enabled.
Using fast mmaped I/O mode
Doing random read test
Initializing worker threads...

Threads started!

Rss:               74852 kB
AnonHugePages:         0 kB
FilePmdMapped:         0 kB

File operations:
    reads/s:                      1900862.81
    writes/s:                     0.00
    fsyncs/s:                     0.00

Throughput:
    read, MiB/s:                  7425.25
    written, MiB/s:               0.00

General statistics:
    total time:                          5.0001s
    total number of events:              9507744

Latency (ms):
         min:                                    0.00
         avg:                                    0.00
         max:                                    0.10
         95th percentile:                        0.00
         sum:                                 3251.74

Threads fairness:
    events (avg/stddev):           9507744.0000/0.00
    execution time (avg/stddev):   3.2517/0.00

== THP=madvise ==
madvise
sysbench 1.0.20 (using system LuaJIT 2.1.1761786044)

Running the test with following options:
Number of threads: 1
Initializing random number generator from current time


Extra file open flags: (none)
1 files, 64MiB each
64MiB total file size
Block size 4KiB
Number of IO requests: 0
Read/Write ratio for combined random IO test: 1.50
Periodic FSYNC enabled, calling fsync() each 100 requests.
Calling fsync() at the end of test, Enabled.
Using fast mmaped I/O mode
Doing random read test
Initializing worker threads...

Threads started!

FilePmdMapped:         0 kB

File operations:
    reads/s:                      1915289.05
    writes/s:                     0.00
    fsyncs/s:                     0.00

Throughput:
    read, MiB/s:                  7481.60
    written, MiB/s:               0.00

General statistics:
    total time:                          5.0001s
    total number of events:              9579952

Latency (ms):
         min:                                    0.00
         avg:                                    0.00
         max:                                    3.09
         95th percentile:                        0.00
         sum:                                 3237.54

Threads fairness:
    events (avg/stddev):           9579952.0000/0.00
    execution time (avg/stddev):   3.2375/0.00

    reads/s:                      1915018.23
    reads/s:                      1922193.73
== THP=always (restore) ==
always
sysbench 1.0.20 (using system LuaJIT 2.1.1761786044)

Running the test with following options:
Number of threads: 1
Initializing random number generator from current time


Extra file open flags: (none)
1 files, 64MiB each
64MiB total file size
Block size 4KiB
Number of IO requests: 0
Read/Write ratio for combined random IO test: 1.50
Periodic FSYNC enabled, calling fsync() each 100 requests.
Calling fsync() at the end of test, Enabled.
Using fast mmaped I/O mode
Doing random read test
Initializing worker threads...

Threads started!

FilePmdMapped:         0 kB

File operations:
    reads/s:                      1921474.87
    writes/s:                     0.00
    fsyncs/s:                     0.00

Throughput:
    read, MiB/s:                  7505.76
    written, MiB/s:               0.00

General statistics:
    total time:                          5.0001s
    total number of events:              9610845

Latency (ms):
         min:                                    0.00
         avg:                                    0.00
         max:                                    2.88
         95th percentile:                        0.00
         sum:                                 3236.99

Threads fairness:
    events (avg/stddev):           9610845.0000/0.00
    execution time (avg/stddev):   3.2370/0.00

    reads/s:                      1917475.42
    reads/s:                      1933085.44

Script done on 2026-06-14 14:14:23+00:00 [COMMAND_EXIT_CODE="0"]
