Script started on 2026-06-10 17:20:06+00:00 [COMMAND="sh /tmp/task2_p2.sh" <not executed on terminal>]
##### Phase 1B sanity — filefrag #####
/home/ubuntu/v1/test_file.0: 2 extents found
/home/ubuntu/v2/test_file.0: 1 extent found

##### Phase 2a — perf stat, page-faults first #####
sysbench 1.0.20 (using system LuaJIT 2.1.1761786044)

Running the test with following options:
Number of threads: 1
Initializing random number generator from current time


Extra file open flags: (none)
1 files, 64MiB each
64MiB total file size
Block size 4KiB
Number of IO requests: 0
Read/Write ratio for combined random IO test: 1.50
Periodic FSYNC enabled, calling fsync() each 100 requests.
Calling fsync() at the end of test, Enabled.
Using fast mmaped I/O mode
Doing random read test
Initializing worker threads...

Threads started!


File operations:
    reads/s:                      1869152.62
    writes/s:                     0.00
    fsyncs/s:                     0.00

Throughput:
    read, MiB/s:                  7301.38
    written, MiB/s:               0.00

General statistics:
    total time:                          5.0002s
    total number of events:              9349397

Latency (ms):
         min:                                    0.00
         avg:                                    0.00
         max:                                    0.22
         95th percentile:                        0.00
         sum:                                 3233.77

Threads fairness:
    events (avg/stddev):           9349397.0000/0.00
    execution time (avg/stddev):   3.2338/0.00


 Performance counter stats for 'sysbench fileio --file-num=1 --file-total-size=64M --file-test-mode=rndrd --file-io-mode=mmap --file-block-size=4K --time=5 run':

              1813      page-faults                                                           
              1813      minor-faults                                                          
           8700007      dTLB-load-misses                                                      
       13265901628      cycles                                                                
        7472617351      instructions                                                          

       5.008398862 seconds time elapsed

       4.996943000 seconds user
       0.008003000 seconds sys



sysbench 1.0.20 (using system LuaJIT 2.1.1761786044)

Running the test with following options:
Number of threads: 1
Initializing random number generator from current time


Extra file open flags: (none)
1 files, 64MiB each
64MiB total file size
Block size 4KiB
Number of IO requests: 0
Read/Write ratio for combined random IO test: 1.50
Periodic FSYNC enabled, calling fsync() each 100 requests.
Calling fsync() at the end of test, Enabled.
Using fast mmaped I/O mode
Doing random read test
Initializing worker threads...

Threads started!


File operations:
    reads/s:                      1894086.01
    writes/s:                     0.00
    fsyncs/s:                     0.00

Throughput:
    read, MiB/s:                  7398.77
    written, MiB/s:               0.00

General statistics:
    total time:                          5.0002s
    total number of events:              9474102

Latency (ms):
         min:                                    0.00
         avg:                                    0.00
         max:                                    2.31
         95th percentile:                        0.00
         sum:                                 3211.32

Threads fairness:
    events (avg/stddev):           9474102.0000/0.00
    execution time (avg/stddev):   3.2113/0.00


 Performance counter stats for 'sysbench fileio --file-num=1 --file-total-size=64M --file-test-mode=rndrd --file-io-mode=mmap --file-block-size=4K --time=5 run':

               819      page-faults                                                           
               819      minor-faults                                                          
           8814990      dTLB-load-misses                                                      
       13273661653      cycles                                                                
        7566095564      instructions                                                          

       5.008091487 seconds time elapsed

       4.998933000 seconds user
       0.002998000 seconds sys



##### Phase 2b — smaps huge mappings during run #####
sysbench 1.0.20 (using system LuaJIT 2.1.1761786044)

Running the test with following options:
Number of threads: 1
Initializing random number generator from current time


Extra file open flags: (none)
1 files, 64MiB each
64MiB total file size
Block size 4KiB
Number of IO requests: 0
Read/Write ratio for combined random IO test: 1.50
Periodic FSYNC enabled, calling fsync() each 100 requests.
Calling fsync() at the end of test, Enabled.
Using fast mmaped I/O mode
Doing random read test
Initializing worker threads...

Threads started!

Rss:               74836 kB
Pss_File:          67939 kB
AnonHugePages:         0 kB
ShmemPmdMapped:        0 kB
FilePmdMapped:         0 kB
Shared_Hugetlb:        0 kB
Private_Hugetlb:       0 kB

File operations:
    reads/s:                      1901172.73
    writes/s:                     0.00
    fsyncs/s:                     0.00

Throughput:
    read, MiB/s:                  7426.46
    written, MiB/s:               0.00

General statistics:
    total time:                          5.0001s
    total number of events:              9509332

Latency (ms):
         min:                                    0.00
         avg:                                    0.00
         max:                                    0.12
         95th percentile:                        0.00
         sum:                                 3250.47

Threads fairness:
    events (avg/stddev):           9509332.0000/0.00
    execution time (avg/stddev):   3.2505/0.00


sysbench 1.0.20 (using system LuaJIT 2.1.1761786044)

Running the test with following options:
Number of threads: 1
Initializing random number generator from current time


Extra file open flags: (none)
1 files, 64MiB each
64MiB total file size
Block size 4KiB
Number of IO requests: 0
Read/Write ratio for combined random IO test: 1.50
Periodic FSYNC enabled, calling fsync() each 100 requests.
Calling fsync() at the end of test, Enabled.
Using fast mmaped I/O mode
Doing random read test
Initializing worker threads...

Threads started!

Rss:               74896 kB
Pss_File:          67960 kB
AnonHugePages:         0 kB
ShmemPmdMapped:        0 kB
FilePmdMapped:         0 kB
Shared_Hugetlb:        0 kB
Private_Hugetlb:       0 kB

File operations:
    reads/s:                      1928871.88
    writes/s:                     0.00
    fsyncs/s:                     0.00

Throughput:
    read, MiB/s:                  7534.66
    written, MiB/s:               0.00

General statistics:
    total time:                          5.0001s
    total number of events:              9647862

Latency (ms):
         min:                                    0.00
         avg:                                    0.00
         max:                                    0.11
         95th percentile:                        0.00
         sum:                                 3228.15

Threads fairness:
    events (avg/stddev):           9647862.0000/0.00
    execution time (avg/stddev):   3.2281/0.00


##### Phase 2b — PMD vs base-page fault counts #####
sysbench 1.0.20 (using system LuaJIT 2.1.1761786044)

Running the test with following options:
Number of threads: 1
Initializing random number generator from current time


Extra file open flags: (none)
1 files, 64MiB each
64MiB total file size
Block size 4KiB
Number of IO requests: 0
Read/Write ratio for combined random IO test: 1.50
Periodic FSYNC enabled, calling fsync() each 100 requests.
Calling fsync() at the end of test, Enabled.
Using fast mmaped I/O mode
Doing random read test
Initializing worker threads...

Threads started!

Attached 2 probes


@base: 1722

File operations:
    reads/s:                      1885992.60
    writes/s:                     0.00
    fsyncs/s:                     0.00

Throughput:
    read, MiB/s:                  7367.16
    written, MiB/s:               0.00

General statistics:
    total time:                          5.0001s
    total number of events:              9433394

Latency (ms):
         min:                                    0.00
         avg:                                    0.00
         max:                                    1.24
         95th percentile:                        0.00
         sum:                                 3259.71

Threads fairness:
    events (avg/stddev):           9433394.0000/0.00
    execution time (avg/stddev):   3.2597/0.00


sysbench 1.0.20 (using system LuaJIT 2.1.1761786044)

Running the test with following options:
Number of threads: 1
Initializing random number generator from current time


Extra file open flags: (none)
1 files, 64MiB each
64MiB total file size
Block size 4KiB
Number of IO requests: 0
Read/Write ratio for combined random IO test: 1.50
Periodic FSYNC enabled, calling fsync() each 100 requests.
Calling fsync() at the end of test, Enabled.
Using fast mmaped I/O mode
Doing random read test
Initializing worker threads...

Threads started!

Attached 2 probes


@base: 1650

File operations:
    reads/s:                      1895122.69
    writes/s:                     0.00
    fsyncs/s:                     0.00

Throughput:
    read, MiB/s:                  7402.82
    written, MiB/s:               0.00

General statistics:
    total time:                          5.0001s
    total number of events:              9479040

Latency (ms):
         min:                                    0.00
         avg:                                    0.00
         max:                                    0.40
         95th percentile:                        0.00
         sum:                                 3259.30

Threads fairness:
    events (avg/stddev):           9479040.0000/0.00
    execution time (avg/stddev):   3.2593/0.00


Script done on 2026-06-10 17:20:36+00:00 [COMMAND_EXIT_CODE="0"]
