Script started on 2026-06-14 14:54:59+00:00 [COMMAND="bash /tmp/p11_inner.sh" <not executed on terminal>]
# CONFIG_READ_ONLY_THP_FOR_FS is not set
src=/usr/src/linux-7.0.0
vm_fault_t finish_fault(struct vm_fault *vmf)
{
	struct vm_area_struct *vma = vmf->vma;
	struct page *page;
	struct folio *folio;
	vm_fault_t ret;
	bool is_cow = (vmf->flags & FAULT_FLAG_WRITE) &&
		      !(vma->vm_flags & VM_SHARED);
	int type, nr_pages;
	unsigned long addr;
	bool needs_fallback = false;

fallback:
	addr = vmf->address;

	/* Did we COW the page? */
	if (is_cow)
		page = vmf->cow_page;
	else
		page = vmf->page;

	folio = page_folio(page);
	/*
	 * check even for read faults because we might have lost our CoWed
	 * page
	 */
	if (!(vma->vm_flags & VM_SHARED)) {
		ret = check_stable_address_space(vma->vm_mm);
		if (ret)
			return ret;
	}

	if (!needs_fallback && vma->vm_file) {
		struct address_space *mapping = vma->vm_file->f_mapping;
		pgoff_t file_end;

		file_end = DIV_ROUND_UP(i_size_read(mapping->host), PAGE_SIZE);

		/*
		 * Do not allow to map with PTEs beyond i_size and with PMD
		 * across i_size to preserve SIGBUS semantics.
		 *
		 * Make an exception for shmem/tmpfs that for long time
		 * intentionally mapped with PMDs across i_size.
		 */
		needs_fallback = !shmem_mapping(mapping) &&
			file_end < folio_next_index(folio);
	}

	if (pmd_none(*vmf->pmd)) {
		if (!needs_fallback && folio_test_pmd_mappable(folio)) {
			ret = do_set_pmd(vmf, folio, page);
			if (ret != VM_FAULT_FALLBACK)
				return ret;
		}

		if (vmf->prealloc_pte)
			pmd_install(vma->vm_mm, vmf->pmd, &vmf->prealloc_pte);
		else if (unlikely(pte_alloc(vma->vm_mm, vmf->pmd)))
			return VM_FAULT_OOM;
	}

	nr_pages = folio_nr_pages(folio);

	/* Using per-page fault to maintain the uffd semantics */
	if (unlikely(userfaultfd_armed(vma)) || unlikely(needs_fallback)) {
		nr_pages = 1;
	} else if (nr_pages > 1) {
		pgoff_t idx = folio_page_idx(folio, page);
		/* The page offset of vmf->address within the VMA. */
		pgoff_t vma_off = vmf->pgoff - vmf->vma->vm_pgoff;
		/* The index of the entry in the pagetable for fault page. */
		pgoff_t pte_off = pte_index(vmf->address);

		/*
		 * Fallback to per-page fault in case the folio size in page
		 * cache beyond the VMA limits and PMD pagetable limits.
		 */
		if (unlikely(vma_off < idx ||
			    vma_off + (nr_pages - idx) > vma_pages(vma) ||
			    pte_off < idx ||
			    pte_off + (nr_pages - idx)  > PTRS_PER_PTE)) {
			nr_pages = 1;
		} else {
			/* Now we can set mappings for the whole large folio. */
			addr = vmf->address - idx * PAGE_SIZE;
			page = &folio->page;
		}
	}

	vmf->pte = pte_offset_map_lock(vma->vm_mm, vmf->pmd,
				       addr, &vmf->ptl);
	if (!vmf->pte)
		return VM_FAULT_NOPAGE;

	/* Re-check under ptl */
	if (nr_pages == 1 && unlikely(vmf_pte_changed(vmf))) {
		update_mmu_tlb(vma, addr, vmf->pte);
		ret = VM_FAULT_NOPAGE;
		goto unlock;
	} else if (nr_pages > 1 && !pte_range_none(vmf->pte, nr_pages)) {
		needs_fallback = true;
		pte_unmap_unlock(vmf->pte, vmf->ptl);
		goto fallback;
	}

	folio_ref_add(folio, nr_pages - 1);
	set_pte_range(vmf, folio, page, nr_pages, addr);
	type = is_cow ? MM_ANONPAGES : mm_counter_file(folio);
	add_mm_counter(vma->vm_mm, type, nr_pages);
	ret = 0;

unlock:
	pte_unmap_unlock(vmf->pte, vmf->ptl);
	return ret;
}
/usr/src/linux-7.0.0/mm/khugepaged.c:410:	if (IS_ENABLED(CONFIG_READ_ONLY_THP_FOR_FS) &&
/usr/src/linux-7.0.0/mm/khugepaged.c:1862:	VM_BUG_ON(!IS_ENABLED(CONFIG_READ_ONLY_THP_FOR_FS) && !is_shmem);
/usr/src/linux-7.0.0/mm/huge_memory.c:89:	if (!IS_ENABLED(CONFIG_READ_ONLY_THP_FOR_FS))
/usr/src/linux-7.0.0/mm/huge_memory.c:3727:		if (IS_ENABLED(CONFIG_READ_ONLY_THP_FOR_FS) &&
/usr/src/linux-7.0.0/mm/huge_memory.c:3742:			 * CONFIG_READ_ONLY_THP_FOR_FS is enabled. But in that
/usr/src/linux-7.0.0/mm/Kconfig:943:config READ_ONLY_THP_FOR_FS
== v2 do_set_pmd retvals ==
^@Attached 1 probe
~/v2: -c: line 1: unexpected EOF while looking for matching `''


== v1 do_set_pmd retvals ==
Attached 1 probe
~/v1: -c: line 1: unexpected EOF while looking for matching `''


/sys/kernel/mm/transparent_hugepage/enabled:[always] madvise never
/sys/kernel/mm/transparent_hugepage/defrag:always defer defer+madvise [madvise] never
/sys/kernel/mm/transparent_hugepage/hugepages-2048kB/enabled:always [inherit] madvise never
/sys/kernel/mm/transparent_hugepage/shmem_enabled:always within_size advise [never] deny force
== baseline ==
    reads/s:                      1926892.37
    reads/s:                      1892585.94
== v1 perf ==
sysbench 1.0.20 (using system LuaJIT 2.1.1761786044)

Running the test with following options:
Number of threads: 1
Initializing random number generator from current time


Extra file open flags: (none)
1 files, 64MiB each
64MiB total file size
Block size 4KiB
Number of IO requests: 0
Read/Write ratio for combined random IO test: 1.50
Periodic FSYNC enabled, calling fsync() each 100 requests.
Calling fsync() at the end of test, Enabled.
Using fast mmaped I/O mode
Doing random read test
Initializing worker threads...

Threads started!


File operations:
    reads/s:                      1876015.91
    writes/s:                     0.00
    fsyncs/s:                     0.00

Throughput:
    read, MiB/s:                  7328.19
    written, MiB/s:               0.00

General statistics:
    total time:                          5.0002s
    total number of events:              9383701

Latency (ms):
         min:                                    0.00
         avg:                                    0.00
         max:                                    0.29
         95th percentile:                        0.00
         sum:                                 3226.42

Threads fairness:
    events (avg/stddev):           9383701.0000/0.00
    execution time (avg/stddev):   3.2264/0.00


 Performance counter stats for 'sysbench fileio --file-num=1 --file-total-size=64M --file-test-mode=rndrd --file-io-mode=mmap --file-block-size=4K --time=5 run':

           8750761      dTLB-load-misses                                                      
         141139383      cache-misses                                                          
       13251967372      cycles                                                                
        7511008161      instructions                                                          

       5.010826343 seconds time elapsed

       4.989432000 seconds user
       0.013999000 seconds sys


== v2 perf ==
sysbench 1.0.20 (using system LuaJIT 2.1.1761786044)

Running the test with following options:
Number of threads: 1
Initializing random number generator from current time


Extra file open flags: (none)
1 files, 64MiB each
64MiB total file size
Block size 4KiB
Number of IO requests: 0
Read/Write ratio for combined random IO test: 1.50
Periodic FSYNC enabled, calling fsync() each 100 requests.
Calling fsync() at the end of test, Enabled.
Using fast mmaped I/O mode
Doing random read test
Initializing worker threads...

Threads started!


File operations:
    reads/s:                      1891923.21
    writes/s:                     0.00
    fsyncs/s:                     0.00

Throughput:
    read, MiB/s:                  7390.33
    written, MiB/s:               0.00

General statistics:
    total time:                          5.0002s
    total number of events:              9463283

Latency (ms):
         min:                                    0.00
         avg:                                    0.00
         max:                                    0.72
         95th percentile:                        0.00
         sum:                                 3208.27

Threads fairness:
    events (avg/stddev):           9463283.0000/0.00
    execution time (avg/stddev):   3.2083/0.00


 Performance counter stats for 'sysbench fileio --file-num=1 --file-total-size=64M --file-test-mode=rndrd --file-io-mode=mmap --file-block-size=4K --time=5 run':

           8693674      dTLB-load-misses                                                      
         142746057      cache-misses                                                          
       13233249655      cycles                                                                
        7575106444      instructions                                                          

       5.012616743 seconds time elapsed

       4.988060000 seconds user
       0.010002000 seconds sys


== v2 smaps ==
sysbench 1.0.20 (using system LuaJIT 2.1.1761786044)

Running the test with following options:
Number of threads: 1
Initializing random number generator from current time


Extra file open flags: (none)
1 files, 64MiB each
64MiB total file size
Block size 4KiB
Number of IO requests: 0
Read/Write ratio for combined random IO test: 1.50
Periodic FSYNC enabled, calling fsync() each 100 requests.
Calling fsync() at the end of test, Enabled.
Using fast mmaped I/O mode
Doing random read test
Initializing worker threads...

Threads started!

Rss:               74892 kB
AnonHugePages:         0 kB
FilePmdMapped:         0 kB

File operations:
    reads/s:                      1915697.18
    writes/s:                     0.00
    fsyncs/s:                     0.00

Throughput:
    read, MiB/s:                  7483.19
    written, MiB/s:               0.00

General statistics:
    total time:                          5.0001s
    total number of events:              9581919

Latency (ms):
         min:                                    0.00
         avg:                                    0.00
         max:                                    0.33
         95th percentile:                        0.00
         sum:                                 3237.51

Threads fairness:
    events (avg/stddev):           9581919.0000/0.00
    execution time (avg/stddev):   3.2375/0.00

== v1 smaps ==
sysbench 1.0.20 (using system LuaJIT 2.1.1761786044)

Running the test with following options:
Number of threads: 1
Initializing random number generator from current time


Extra file open flags: (none)
1 files, 64MiB each
64MiB total file size
Block size 4KiB
Number of IO requests: 0
Read/Write ratio for combined random IO test: 1.50
Periodic FSYNC enabled, calling fsync() each 100 requests.
Calling fsync() at the end of test, Enabled.
Using fast mmaped I/O mode
Doing random read test
Initializing worker threads...

Threads started!

Rss:               74836 kB
AnonHugePages:         0 kB
FilePmdMapped:         0 kB

File operations:
    reads/s:                      1915687.57
    writes/s:                     0.00
    fsyncs/s:                     0.00

Throughput:
    read, MiB/s:                  7483.15
    written, MiB/s:               0.00

General statistics:
    total time:                          5.0001s
    total number of events:              9581902

Latency (ms):
         min:                                    0.00
         avg:                                    0.00
         max:                                    0.34
         95th percentile:                        0.00
         sum:                                 3241.47

Threads fairness:
    events (avg/stddev):           9581902.0000/0.00
    execution time (avg/stddev):   3.2415/0.00

== THP=madvise ==
madvise
sysbench 1.0.20 (using system LuaJIT 2.1.1761786044)

Running the test with following options:
Number of threads: 1
Initializing random number generator from current time


Extra file open flags: (none)
1 files, 64MiB each
64MiB total file size
Block size 4KiB
Number of IO requests: 0
Read/Write ratio for combined random IO test: 1.50
Periodic FSYNC enabled, calling fsync() each 100 requests.
Calling fsync() at the end of test, Enabled.
Using fast mmaped I/O mode
Doing random read test
Initializing worker threads...

Threads started!

FilePmdMapped:         0 kB

File operations:
    reads/s:                      1904361.34
    writes/s:                     0.00
    fsyncs/s:                     0.00

Throughput:
    read, MiB/s:                  7438.91
    written, MiB/s:               0.00

General statistics:
    total time:                          5.0001s
    total number of events:              9525241

Latency (ms):
         min:                                    0.00
         avg:                                    0.00
         max:                                    3.22
         95th percentile:                        0.00
         sum:                                 3248.33

Threads fairness:
    events (avg/stddev):           9525241.0000/0.00
    execution time (avg/stddev):   3.2483/0.00

    reads/s:                      1924189.40
    reads/s:                      1923528.44
== THP=always (restore) ==
always
sysbench 1.0.20 (using system LuaJIT 2.1.1761786044)

Running the test with following options:
Number of threads: 1
Initializing random number generator from current time


Extra file open flags: (none)
1 files, 64MiB each
64MiB total file size
Block size 4KiB
Number of IO requests: 0
Read/Write ratio for combined random IO test: 1.50
Periodic FSYNC enabled, calling fsync() each 100 requests.
Calling fsync() at the end of test, Enabled.
Using fast mmaped I/O mode
Doing random read test
Initializing worker threads...

Threads started!

FilePmdMapped:         0 kB

File operations:
    reads/s:                      1908924.88
    writes/s:                     0.00
    fsyncs/s:                     0.00

Throughput:
    read, MiB/s:                  7456.74
    written, MiB/s:               0.00

General statistics:
    total time:                          5.0001s
    total number of events:              9548136

Latency (ms):
         min:                                    0.00
         avg:                                    0.00
         max:                                    3.09
         95th percentile:                        0.00
         sum:                                 3246.31

Threads fairness:
    events (avg/stddev):           9548136.0000/0.00
    execution time (avg/stddev):   3.2463/0.00

    reads/s:                      1902091.88
    reads/s:                      1919830.64

Script done on 2026-06-14 14:56:01+00:00 [COMMAND_EXIT_CODE="0"]

######################################################################
## [tooling-fix appended 14:57] step (C) re-captured.
## Reason: this bpftrace build word-splits the -c string, so the
## runbook's  -c "bash -lc 'cd ~/vX && $RUN'"  breaks at the spaces
## inside the single-quotes (unexpected EOF). Using the runbook's own
## Phase-2 idiom instead: background the run, trace over a sleep window.
######################################################################
== v2 do_set_pmd retvals ==
Attached 1 probe


== v1 do_set_pmd retvals ==
Attached 1 probe


== sanity: total do_set_pmd calls regardless of retval (v2 run) ==
Attached 1 probe


