Script started on 2026-06-10 16:58:57+00:00 [COMMAND="sh /tmp/task2_phases.sh" <not executed on terminal>]
##### PHASE 0 — Environment #####
Linux course-08 7.0.0-15-generic #15-Ubuntu SMP PREEMPT_DYNAMIC Wed Apr 22 16:06:43 UTC 2026 x86_64 GNU/Linux

               total        used        free      shared  buff/cache   available
Mem:           7.7Gi       802Mi       4.1Gi       1.1Mi       3.1Gi       7.0Gi
Swap:             0B          0B          0B

kvm

tmpfs on /run type tmpfs (rw,nosuid,nodev,size=1625108k,nr_inodes=819200,mode=755,inode64)
/dev/vda1 on / type ext4 (rw,relatime,discard,errors=remount-ro,commit=30)
devtmpfs on /dev type devtmpfs (rw,nosuid,size=3485632k,nr_inodes=871408,mode=755,inode64)
tmpfs on /dev/shm type tmpfs (rw,nosuid,nodev,inode64,usrquota)
devpts on /dev/pts type devpts (rw,nosuid,noexec,relatime,gid=5,mode=600,ptmxmode=000)
sysfs on /sys type sysfs (rw,nosuid,nodev,noexec,relatime)
securityfs on /sys/kernel/security type securityfs (rw,nosuid,nodev,noexec,relatime)
cgroup2 on /sys/fs/cgroup type cgroup2 (rw,nosuid,nodev,noexec,relatime,nsdelegate,memory_recursiveprot,memory_hugetlb_accounting)
none on /sys/fs/pstore type pstore (rw,nosuid,nodev,noexec,relatime)
bpf on /sys/fs/bpf type bpf (rw,nosuid,nodev,noexec,relatime,mode=700)
configfs on /sys/kernel/config type configfs (rw,nosuid,nodev,noexec,relatime)
proc on /proc type proc (rw,nosuid,nodev,noexec,relatime)
systemd-1 on /proc/sys/fs/binfmt_misc type autofs (rw,relatime,fd=36,pgrp=1,timeout=0,minproto=5,maxproto=5,direct,pipe_ino=7472)
mqueue on /dev/mqueue type mqueue (rw,nosuid,nodev,noexec,relatime)
hugetlbfs on /dev/hugepages type hugetlbfs (rw,nosuid,nodev,relatime,pagesize=2M)
debugfs on /sys/kernel/debug type debugfs (rw,nosuid,nodev,noexec,relatime)
tracefs on /sys/kernel/tracing type tracefs (rw,nosuid,nodev,noexec,relatime)
tmpfs on /tmp type tmpfs (rw,nosuid,nodev,size=4062772k,nr_inodes=1048576,inode64,usrquota)
fusectl on /sys/fs/fuse/connections type fusectl (rw,nosuid,nodev,noexec,relatime)
/dev/vda13 on /boot type ext4 (rw,relatime)
/dev/vda15 on /boot/efi type vfat (rw,relatime,fmask=0077,dmask=0077,codepage=437,iocharset=iso8859-1,shortname=mixed,errors=remount-ro)
binfmt_misc on /proc/sys/fs/binfmt_misc type binfmt_misc (rw,nosuid,nodev,noexec,relatime)
none on /run/credentials/getty@tty1.service type tmpfs (ro,nosuid,nodev,noexec,relatime,nosymfollow,size=1024k,nr_inodes=1024,mode=700,inode64,noswap)
none on /run/credentials/serial-getty@ttyS0.service type tmpfs (ro,nosuid,nodev,noexec,relatime,nosymfollow,size=1024k,nr_inodes=1024,mode=700,inode64,noswap)
none on /run/credentials/systemd-journald.service type tmpfs (ro,nosuid,nodev,noexec,relatime,nosymfollow,size=1024k,nr_inodes=1024,mode=700,inode64,noswap)
none on /run/credentials/systemd-resolved.service type tmpfs (ro,nosuid,nodev,noexec,relatime,nosymfollow,size=1024k,nr_inodes=1024,mode=700,inode64,noswap)
none on /run/credentials/systemd-networkd.service type tmpfs (ro,nosuid,nodev,noexec,relatime,nosymfollow,size=1024k,nr_inodes=1024,mode=700,inode64,noswap)
tmpfs on /run/user/1000 type tmpfs (rw,nosuid,nodev,relatime,size=812552k,nr_inodes=203138,mode=700,uid=1000,gid=1000,inode64)
tracefs on /sys/kernel/debug/tracing type tracefs (rw,nosuid,nodev,noexec,relatime)

THP:
[always] madvise never
sysbench:
sysbench 1.0.20

##### PHASE 1 — Setup + baseline #####
sysbench 1.0.20 (using system LuaJIT 2.1.1761786044)

1 files, 65536Kb each, 64Mb total
Creating files for the test...
Extra file open flags: (none)
Creating file test_file.0
67108864 bytes written in 0.05 seconds (1391.59 MiB/sec).
sysbench 1.0.20 (using system LuaJIT 2.1.1761786044)

1 files, 65536Kb each, 64Mb total
Creating files for the test...
Extra file open flags: (none)
Creating file test_file.0
67108864 bytes written in 0.04 seconds (1791.93 MiB/sec).
--- iter 1 v1 ---
    reads/s:                      1903871.72
    read, MiB/s:                  7437.00
--- iter 1 v2 ---
    reads/s:                      1928142.69
    read, MiB/s:                  7531.81
--- iter 2 v1 ---
    reads/s:                      1927429.41
    read, MiB/s:                  7529.02
--- iter 2 v2 ---
    reads/s:                      1931441.02
    read, MiB/s:                  7544.69
--- iter 3 v1 ---
    reads/s:                      1935611.44
    read, MiB/s:                  7560.98
--- iter 3 v2 ---
    reads/s:                      1877979.23
    read, MiB/s:                  7335.86
--- iter 4 v1 ---
    reads/s:                      1933791.32
    read, MiB/s:                  7553.87
--- iter 4 v2 ---
    reads/s:                      1935906.20
    read, MiB/s:                  7562.13
--- iter 5 v1 ---
    reads/s:                      1933905.20
    read, MiB/s:                  7554.32
--- iter 5 v2 ---
    reads/s:                      1931580.13
    read, MiB/s:                  7545.23

Script done on 2026-06-10 16:59:47+00:00 [COMMAND_EXIT_CODE="0"]
